------------------------------------------------------------
TimeQuest Timing Analyzer Summary
------------------------------------------------------------

Type  : Slow 1200mV 85C Model Setup 'PLL21_inst|altpll_component|auto_generated|pll1|clk[1]'
Slack : 31.331
TNS   : 0.000

Type  : Slow 1200mV 85C Model Hold 'PLL21_inst|altpll_component|auto_generated|pll1|clk[1]'
Slack : 0.517
TNS   : 0.000

Type  : Slow 1200mV 85C Model Minimum Pulse Width 'CLOCK_50'
Slack : 9.489
TNS   : 0.000

Type  : Slow 1200mV 85C Model Minimum Pulse Width 'PLL21_inst|altpll_component|auto_generated|pll1|clk[1]'
Slack : 19.747
TNS   : 0.000

Type  : Slow 1200mV 0C Model Setup 'PLL21_inst|altpll_component|auto_generated|pll1|clk[1]'
Slack : 32.282
TNS   : 0.000

Type  : Slow 1200mV 0C Model Hold 'PLL21_inst|altpll_component|auto_generated|pll1|clk[1]'
Slack : 0.499
TNS   : 0.000

Type  : Slow 1200mV 0C Model Minimum Pulse Width 'CLOCK_50'
Slack : 9.487
TNS   : 0.000

Type  : Slow 1200mV 0C Model Minimum Pulse Width 'PLL21_inst|altpll_component|auto_generated|pll1|clk[1]'
Slack : 19.743
TNS   : 0.000

Type  : Fast 1200mV 0C Model Setup 'PLL21_inst|altpll_component|auto_generated|pll1|clk[1]'
Slack : 34.968
TNS   : 0.000

Type  : Fast 1200mV 0C Model Hold 'PLL21_inst|altpll_component|auto_generated|pll1|clk[1]'
Slack : 0.277
TNS   : 0.000

Type  : Fast 1200mV 0C Model Minimum Pulse Width 'CLOCK_50'
Slack : 9.208
TNS   : 0.000

Type  : Fast 1200mV 0C Model Minimum Pulse Width 'PLL21_inst|altpll_component|auto_generated|pll1|clk[1]'
Slack : 19.754
TNS   : 0.000

------------------------------------------------------------
