------------------------------------------------------------
TimeQuest Timing Analyzer Summary
------------------------------------------------------------

Type  : Slow 1200mV 85C Model Setup 'PLL21_inst|altpll_component|auto_generated|pll1|clk[1]'
Slack : 31.099
TNS   : 0.000

Type  : Slow 1200mV 85C Model Hold 'PLL21_inst|altpll_component|auto_generated|pll1|clk[1]'
Slack : 0.407
TNS   : 0.000

Type  : Slow 1200mV 85C Model Minimum Pulse Width 'CLOCK_50'
Slack : 9.488
TNS   : 0.000

Type  : Slow 1200mV 85C Model Minimum Pulse Width 'PLL21_inst|altpll_component|auto_generated|pll1|clk[1]'
Slack : 19.747
TNS   : 0.000

Type  : Slow 1200mV 0C Model Setup 'PLL21_inst|altpll_component|auto_generated|pll1|clk[1]'
Slack : 32.029
TNS   : 0.000

Type  : Slow 1200mV 0C Model Hold 'PLL21_inst|altpll_component|auto_generated|pll1|clk[1]'
Slack : 0.393
TNS   : 0.000

Type  : Slow 1200mV 0C Model Minimum Pulse Width 'CLOCK_50'
Slack : 9.489
TNS   : 0.000

Type  : Slow 1200mV 0C Model Minimum Pulse Width 'PLL21_inst|altpll_component|auto_generated|pll1|clk[1]'
Slack : 19.743
TNS   : 0.000

Type  : Fast 1200mV 0C Model Setup 'PLL21_inst|altpll_component|auto_generated|pll1|clk[1]'
Slack : 34.850
TNS   : 0.000

Type  : Fast 1200mV 0C Model Hold 'PLL21_inst|altpll_component|auto_generated|pll1|clk[1]'
Slack : 0.216
TNS   : 0.000

Type  : Fast 1200mV 0C Model Minimum Pulse Width 'CLOCK_50'
Slack : 9.208
TNS   : 0.000

Type  : Fast 1200mV 0C Model Minimum Pulse Width 'PLL21_inst|altpll_component|auto_generated|pll1|clk[1]'
Slack : 19.755
TNS   : 0.000

------------------------------------------------------------
